0 verbose cli /usr/bin/node /usr/bin/npm
1 info using npm@10.8.2
2 info using node@v18.20.6
3 silly config load:file:/usr/lib/node_modules/npm/npmrc
4 silly config load:file:/var/www/.npmrc
5 silly config load:file:/usr/etc/npmrc
6 verbose title npm install
7 verbose argv "install"
8 verbose logfile logs-max:10 dir:/var/www/.npm/_logs/2025-03-27T05_43_47_381Z-
9 verbose logfile /var/www/.npm/_logs/2025-03-27T05_43_47_381Z-debug-0.log
10 silly packumentCache heap:2197815296 maxSize:549453824 maxEntrySize:274726912
11 silly logfile done cleaning log files
12 silly idealTree buildDeps
13 silly reify moves {}
14 silly audit bulk request {
14 silly audit   '@alloc/quick-lru': [ '5.2.0' ],
14 silly audit   '@esbuild/aix-ppc64': [ '0.21.5' ],
14 silly audit   '@esbuild/android-arm': [ '0.21.5' ],
14 silly audit   '@esbuild/android-arm64': [ '0.21.5' ],
14 silly audit   '@esbuild/android-x64': [ '0.21.5' ],
14 silly audit   '@esbuild/darwin-arm64': [ '0.21.5' ],
14 silly audit   '@esbuild/darwin-x64': [ '0.21.5' ],
14 silly audit   '@esbuild/freebsd-arm64': [ '0.21.5' ],
14 silly audit   '@esbuild/freebsd-x64': [ '0.21.5' ],
14 silly audit   '@esbuild/linux-arm': [ '0.21.5' ],
14 silly audit   '@esbuild/linux-arm64': [ '0.21.5' ],
14 silly audit   '@esbuild/linux-ia32': [ '0.21.5' ],
14 silly audit   '@esbuild/linux-loong64': [ '0.21.5' ],
14 silly audit   '@esbuild/linux-mips64el': [ '0.21.5' ],
14 silly audit   '@esbuild/linux-ppc64': [ '0.21.5' ],
14 silly audit   '@esbuild/linux-riscv64': [ '0.21.5' ],
14 silly audit   '@esbuild/linux-s390x': [ '0.21.5' ],
14 silly audit   '@esbuild/linux-x64': [ '0.21.5' ],
14 silly audit   '@esbuild/netbsd-x64': [ '0.21.5' ],
14 silly audit   '@esbuild/openbsd-x64': [ '0.21.5' ],
14 silly audit   '@esbuild/sunos-x64': [ '0.21.5' ],
14 silly audit   '@esbuild/win32-arm64': [ '0.21.5' ],
14 silly audit   '@esbuild/win32-ia32': [ '0.21.5' ],
14 silly audit   '@esbuild/win32-x64': [ '0.21.5' ],
14 silly audit   '@fortawesome/fontawesome-free': [ '6.7.2' ],
14 silly audit   '@isaacs/cliui': [ '8.0.2' ],
14 silly audit   '@jridgewell/gen-mapping': [ '0.3.8' ],
14 silly audit   '@jridgewell/resolve-uri': [ '3.1.2' ],
14 silly audit   '@jridgewell/set-array': [ '1.2.1' ],
14 silly audit   '@jridgewell/source-map': [ '0.3.6' ],
14 silly audit   '@jridgewell/sourcemap-codec': [ '1.5.0' ],
14 silly audit   '@jridgewell/trace-mapping': [ '0.3.25' ],
14 silly audit   '@kurkle/color': [ '0.3.4' ],
14 silly audit   '@nodelib/fs.scandir': [ '2.1.5' ],
14 silly audit   '@nodelib/fs.stat': [ '2.0.5' ],
14 silly audit   '@nodelib/fs.walk': [ '1.2.8' ],
14 silly audit   '@pkgjs/parseargs': [ '0.11.0' ],
14 silly audit   '@popperjs/core': [ '2.11.8' ],
14 silly audit   '@pusher/push-notifications-web': [ '1.1.0' ],
14 silly audit   '@rollup/plugin-node-resolve': [ '15.3.0' ],
14 silly audit   '@rollup/pluginutils': [ '5.1.3' ],
14 silly audit   picomatch: [ '4.0.2', '2.3.1' ],
14 silly audit   '@rollup/rollup-android-arm-eabi': [ '4.28.1' ],
14 silly audit   '@rollup/rollup-android-arm64': [ '4.28.1' ],
14 silly audit   '@rollup/rollup-darwin-arm64': [ '4.28.1' ],
14 silly audit   '@rollup/rollup-darwin-x64': [ '4.28.1' ],
14 silly audit   '@rollup/rollup-freebsd-arm64': [ '4.28.1' ],
14 silly audit   '@rollup/rollup-freebsd-x64': [ '4.28.1' ],
14 silly audit   '@rollup/rollup-linux-arm-gnueabihf': [ '4.28.1' ],
14 silly audit   '@rollup/rollup-linux-arm-musleabihf': [ '4.28.1' ],
14 silly audit   '@rollup/rollup-linux-arm64-gnu': [ '4.28.1' ],
14 silly audit   '@rollup/rollup-linux-arm64-musl': [ '4.28.1' ],
14 silly audit   '@rollup/rollup-linux-loongarch64-gnu': [ '4.28.1' ],
14 silly audit   '@rollup/rollup-linux-powerpc64le-gnu': [ '4.28.1' ],
14 silly audit   '@rollup/rollup-linux-riscv64-gnu': [ '4.28.1' ],
14 silly audit   '@rollup/rollup-linux-s390x-gnu': [ '4.28.1' ],
14 silly audit   '@rollup/rollup-linux-x64-gnu': [ '4.28.1' ],
14 silly audit   '@rollup/rollup-linux-x64-musl': [ '4.28.1' ],
14 silly audit   '@rollup/rollup-win32-arm64-msvc': [ '4.28.1' ],
14 silly audit   '@rollup/rollup-win32-ia32-msvc': [ '4.28.1' ],
14 silly audit   '@rollup/rollup-win32-x64-msvc': [ '4.28.1' ],
14 silly audit   '@svgdotjs/svg.draggable.js': [ '3.0.4' ],
14 silly audit   '@svgdotjs/svg.filter.js': [ '3.0.8' ],
14 silly audit   '@svgdotjs/svg.js': [ '3.2.4' ],
14 silly audit   '@svgdotjs/svg.resize.js': [ '2.0.5' ],
14 silly audit   '@svgdotjs/svg.select.js': [ '4.0.2' ],
14 silly audit   '@tailwindcss/forms': [ '0.5.9' ],
14 silly audit   '@types/estree': [ '1.0.6' ],
14 silly audit   '@types/node': [ '22.10.2' ],
14 silly audit   '@types/resolve': [ '1.20.2' ],
14 silly audit   '@vue/reactivity': [ '3.1.5' ],
14 silly audit   '@vue/shared': [ '3.1.5' ],
14 silly audit   '@yr/monotone-cubic-spline': [ '1.0.3' ],
14 silly audit   acorn: [ '8.14.0' ],
14 silly audit   alpinejs: [ '3.14.7' ],
14 silly audit   'ansi-regex': [ '6.1.0', '5.0.1' ],
14 silly audit   'ansi-styles': [ '6.2.1', '4.3.0' ],
14 silly audit   'any-promise': [ '1.3.0' ],
14 silly audit   anymatch: [ '3.1.3' ],
14 silly audit   apexcharts: [ '4.2.0' ],
14 silly audit   arg: [ '5.0.2' ],
14 silly audit   asynckit: [ '0.4.0' ],
14 silly audit   autoprefixer: [ '10.4.20' ],
14 silly audit   axios: [ '1.7.9' ],
14 silly audit   'balanced-match': [ '1.0.2' ],
14 silly audit   'binary-extensions': [ '2.3.0' ],
14 silly audit   'brace-expansion': [ '2.0.1' ],
14 silly audit   braces: [ '3.0.3' ],
14 silly audit   browserslist: [ '4.24.2' ],
14 silly audit   'buffer-from': [ '1.1.2' ],
14 silly audit   'camelcase-css': [ '2.0.1' ],
14 silly audit   'caniuse-lite': [ '1.0.30001688' ],
14 silly audit   'chart.js': [ '4.4.7' ],
14 silly audit   chokidar: [ '3.6.0' ],
14 silly audit   'glob-parent': [ '5.1.2', '6.0.2' ],
14 silly audit   'color-convert': [ '2.0.1' ],
14 silly audit   'color-name': [ '1.1.4' ],
14 silly audit   'combined-stream': [ '1.0.8' ],
14 silly audit   commander: [ '4.1.1', '2.20.3' ],
14 silly audit   'cross-spawn': [ '7.0.6' ],
14 silly audit   cssesc: [ '3.0.0' ],
14 silly audit   deepmerge: [ '4.3.1' ],
14 silly audit   'delayed-stream': [ '1.0.0' ],
14 silly audit   didyoumean: [ '1.2.2' ],
14 silly audit   dlv: [ '1.1.3' ],
14 silly audit   eastasianwidth: [ '0.2.0' ],
14 silly audit   'electron-to-chromium': [ '1.5.73' ],
14 silly audit   'emoji-regex': [ '9.2.2', '8.0.0' ],
14 silly audit   esbuild: [ '0.21.5' ],
14 silly audit   escalade: [ '3.2.0' ],
14 silly audit   'estree-walker': [ '2.0.2' ],
14 silly audit   'fast-glob': [ '3.3.2' ],
14 silly audit   fastq: [ '1.17.1' ],
14 silly audit   'fill-range': [ '7.1.1' ],
14 silly audit   flowbite: [ '2.5.2' ],
14 silly audit   'flowbite-datepicker': [ '1.3.0' ],
14 silly audit   'follow-redirects': [ '1.15.9' ],
14 silly audit   'foreground-child': [ '3.3.0' ],
14 silly audit   'form-data': [ '4.0.1' ],
14 silly audit   'fraction.js': [ '4.3.7' ],
14 silly audit   fsevents: [ '2.3.3' ],
14 silly audit   'function-bind': [ '1.1.2' ],
14 silly audit   glob: [ '10.4.5' ],
14 silly audit   hasown: [ '2.0.2' ],
14 silly audit   'is-binary-path': [ '2.1.0' ],
14 silly audit   'is-core-module': [ '2.15.1' ],
14 silly audit   'is-extglob': [ '2.1.1' ],
14 silly audit   'is-fullwidth-code-point': [ '3.0.0' ],
14 silly audit   'is-glob': [ '4.0.3' ],
14 silly audit   'is-module': [ '1.0.0' ],
14 silly audit   'is-number': [ '7.0.0' ],
14 silly audit   isexe: [ '2.0.0' ],
14 silly audit   jackspeak: [ '3.4.3' ],
14 silly audit   jiti: [ '1.21.6' ],
14 silly audit   'laravel-vite-plugin': [ '1.1.1' ],
14 silly audit   lilconfig: [ '3.1.3' ],
14 silly audit   'lines-and-columns': [ '1.2.4' ],
14 silly audit   'lru-cache': [ '10.4.3' ],
14 silly audit   merge2: [ '1.4.1' ],
14 silly audit   micromatch: [ '4.0.8' ],
14 silly audit   'mime-db': [ '1.52.0' ],
14 silly audit   'mime-types': [ '2.1.35' ],
14 silly audit   'mini-svg-data-uri': [ '1.4.4' ],
14 silly audit   minimatch: [ '9.0.5' ],
14 silly audit   minipass: [ '7.1.2' ],
14 silly audit   mz: [ '2.7.0' ],
14 silly audit   nanoid: [ '3.3.8' ],
14 silly audit   'node-releases': [ '2.0.19' ],
14 silly audit   'normalize-path': [ '3.0.0' ],
14 silly audit   'normalize-range': [ '0.1.2' ],
14 silly audit   'object-assign': [ '4.1.1' ],
14 silly audit   'object-hash': [ '3.0.0' ],
14 silly audit   'package-json-from-dist': [ '1.0.1' ],
14 silly audit   'path-key': [ '3.1.1' ],
14 silly audit   'path-parse': [ '1.0.7' ],
14 silly audit   'path-scurry': [ '1.11.1' ],
14 silly audit   picocolors: [ '1.1.1' ],
14 silly audit   pify: [ '2.3.0' ],
14 silly audit   pirates: [ '4.0.6' ],
14 silly audit   postcss: [ '8.4.49' ],
14 silly audit   'postcss-import': [ '15.1.0' ],
14 silly audit   'postcss-js': [ '4.0.1' ],
14 silly audit   'postcss-load-config': [ '4.0.2' ],
14 silly audit   'postcss-nested': [ '6.2.0' ],
14 silly audit   'postcss-selector-parser': [ '6.1.2' ],
14 silly audit   'postcss-value-parser': [ '4.2.0' ],
14 silly audit   'proxy-from-env': [ '1.1.0' ],
14 silly audit   'queue-microtask': [ '1.2.3' ],
14 silly audit   'read-cache': [ '1.0.0' ],
14 silly audit   readdirp: [ '3.6.0' ],
14 silly audit   resolve: [ '1.22.8' ],
14 silly audit   reusify: [ '1.0.4' ],
14 silly audit   rollup: [ '4.28.1' ],
14 silly audit   'run-parallel': [ '1.2.0' ],
14 silly audit   'shebang-command': [ '2.0.0' ],
14 silly audit   'shebang-regex': [ '3.0.0' ],
14 silly audit   'signal-exit': [ '4.1.0' ],
14 silly audit   'source-map': [ '0.6.1' ],
14 silly audit   'source-map-js': [ '1.2.1' ],
14 silly audit   'source-map-support': [ '0.5.21' ],
14 silly audit   'string-width': [ '5.1.2', '4.2.3' ],
14 silly audit   'strip-ansi': [ '6.0.1', '7.1.0' ],
14 silly audit   sucrase: [ '3.35.0' ],
14 silly audit   'supports-preserve-symlinks-flag': [ '1.0.0' ],
14 silly audit   tailwindcss: [ '3.4.16' ],
14 silly audit   terser: [ '5.37.0' ],
14 silly audit   thenify: [ '3.3.1' ],
14 silly audit   'thenify-all': [ '1.6.0' ],
14 silly audit   'to-regex-range': [ '5.0.1' ],
14 silly audit   'ts-interface-checker': [ '0.1.13' ],
14 silly audit   'undici-types': [ '6.20.0' ],
14 silly audit   'update-browserslist-db': [ '1.1.1' ],
14 silly audit   'util-deprecate': [ '1.0.2' ],
14 silly audit   vite: [ '5.4.11' ],
14 silly audit   'vite-plugin-full-reload': [ '1.2.0' ],
14 silly audit   which: [ '2.0.2' ],
14 silly audit   'wrap-ansi': [ '8.1.0', '7.0.0' ],
14 silly audit   yaml: [ '2.6.1' ]
14 silly audit }
15 verbose reify failed optional dependency /var/www/node_modules/fsevents
16 silly reify mark deleted [ '/var/www/node_modules/fsevents' ]
17 verbose reify failed optional dependency /var/www/node_modules/@rollup/rollup-win32-ia32-msvc
18 silly reify mark deleted [ '/var/www/node_modules/@rollup/rollup-win32-ia32-msvc' ]
19 verbose reify failed optional dependency /var/www/node_modules/@rollup/rollup-win32-arm64-msvc
20 silly reify mark deleted [ '/var/www/node_modules/@rollup/rollup-win32-arm64-msvc' ]
21 verbose reify failed optional dependency /var/www/node_modules/@rollup/rollup-linux-s390x-gnu
22 silly reify mark deleted [ '/var/www/node_modules/@rollup/rollup-linux-s390x-gnu' ]
23 verbose reify failed optional dependency /var/www/node_modules/@rollup/rollup-linux-riscv64-gnu
24 silly reify mark deleted [ '/var/www/node_modules/@rollup/rollup-linux-riscv64-gnu' ]
25 verbose reify failed optional dependency /var/www/node_modules/@rollup/rollup-linux-powerpc64le-gnu
26 silly reify mark deleted [ '/var/www/node_modules/@rollup/rollup-linux-powerpc64le-gnu' ]
27 verbose reify failed optional dependency /var/www/node_modules/@rollup/rollup-linux-loongarch64-gnu
28 silly reify mark deleted [ '/var/www/node_modules/@rollup/rollup-linux-loongarch64-gnu' ]
29 verbose reify failed optional dependency /var/www/node_modules/@rollup/rollup-linux-arm64-musl
30 silly reify mark deleted [ '/var/www/node_modules/@rollup/rollup-linux-arm64-musl' ]
31 verbose reify failed optional dependency /var/www/node_modules/@rollup/rollup-linux-arm64-gnu
32 silly reify mark deleted [ '/var/www/node_modules/@rollup/rollup-linux-arm64-gnu' ]
33 verbose reify failed optional dependency /var/www/node_modules/@rollup/rollup-linux-arm-musleabihf
34 silly reify mark deleted [ '/var/www/node_modules/@rollup/rollup-linux-arm-musleabihf' ]
35 verbose reify failed optional dependency /var/www/node_modules/@rollup/rollup-linux-arm-gnueabihf
36 silly reify mark deleted [ '/var/www/node_modules/@rollup/rollup-linux-arm-gnueabihf' ]
37 verbose reify failed optional dependency /var/www/node_modules/@rollup/rollup-freebsd-x64
38 silly reify mark deleted [ '/var/www/node_modules/@rollup/rollup-freebsd-x64' ]
39 verbose reify failed optional dependency /var/www/node_modules/@rollup/rollup-freebsd-arm64
40 silly reify mark deleted [ '/var/www/node_modules/@rollup/rollup-freebsd-arm64' ]
41 verbose reify failed optional dependency /var/www/node_modules/@rollup/rollup-darwin-x64
42 silly reify mark deleted [ '/var/www/node_modules/@rollup/rollup-darwin-x64' ]
43 verbose reify failed optional dependency /var/www/node_modules/@rollup/rollup-darwin-arm64
44 silly reify mark deleted [ '/var/www/node_modules/@rollup/rollup-darwin-arm64' ]
45 verbose reify failed optional dependency /var/www/node_modules/@rollup/rollup-android-arm64
46 silly reify mark deleted [ '/var/www/node_modules/@rollup/rollup-android-arm64' ]
47 verbose reify failed optional dependency /var/www/node_modules/@rollup/rollup-android-arm-eabi
48 silly reify mark deleted [ '/var/www/node_modules/@rollup/rollup-android-arm-eabi' ]
49 verbose reify failed optional dependency /var/www/node_modules/@esbuild/win32-ia32
50 silly reify mark deleted [ '/var/www/node_modules/@esbuild/win32-ia32' ]
51 verbose reify failed optional dependency /var/www/node_modules/@esbuild/win32-arm64
52 silly reify mark deleted [ '/var/www/node_modules/@esbuild/win32-arm64' ]
53 verbose reify failed optional dependency /var/www/node_modules/@esbuild/sunos-x64
54 silly reify mark deleted [ '/var/www/node_modules/@esbuild/sunos-x64' ]
55 verbose reify failed optional dependency /var/www/node_modules/@esbuild/openbsd-x64
56 silly reify mark deleted [ '/var/www/node_modules/@esbuild/openbsd-x64' ]
57 verbose reify failed optional dependency /var/www/node_modules/@esbuild/netbsd-x64
58 silly reify mark deleted [ '/var/www/node_modules/@esbuild/netbsd-x64' ]
59 verbose reify failed optional dependency /var/www/node_modules/@esbuild/linux-s390x
60 silly reify mark deleted [ '/var/www/node_modules/@esbuild/linux-s390x' ]
61 verbose reify failed optional dependency /var/www/node_modules/@esbuild/linux-riscv64
62 silly reify mark deleted [ '/var/www/node_modules/@esbuild/linux-riscv64' ]
63 verbose reify failed optional dependency /var/www/node_modules/@esbuild/linux-ppc64
64 silly reify mark deleted [ '/var/www/node_modules/@esbuild/linux-ppc64' ]
65 verbose reify failed optional dependency /var/www/node_modules/@esbuild/linux-mips64el
66 silly reify mark deleted [ '/var/www/node_modules/@esbuild/linux-mips64el' ]
67 verbose reify failed optional dependency /var/www/node_modules/@esbuild/linux-loong64
68 silly reify mark deleted [ '/var/www/node_modules/@esbuild/linux-loong64' ]
69 verbose reify failed optional dependency /var/www/node_modules/@esbuild/linux-ia32
70 silly reify mark deleted [ '/var/www/node_modules/@esbuild/linux-ia32' ]
71 verbose reify failed optional dependency /var/www/node_modules/@esbuild/linux-arm64
72 silly reify mark deleted [ '/var/www/node_modules/@esbuild/linux-arm64' ]
73 verbose reify failed optional dependency /var/www/node_modules/@esbuild/linux-arm
74 silly reify mark deleted [ '/var/www/node_modules/@esbuild/linux-arm' ]
75 verbose reify failed optional dependency /var/www/node_modules/@esbuild/freebsd-x64
76 silly reify mark deleted [ '/var/www/node_modules/@esbuild/freebsd-x64' ]
77 verbose reify failed optional dependency /var/www/node_modules/@esbuild/freebsd-arm64
78 silly reify mark deleted [ '/var/www/node_modules/@esbuild/freebsd-arm64' ]
79 verbose reify failed optional dependency /var/www/node_modules/@esbuild/darwin-x64
80 silly reify mark deleted [ '/var/www/node_modules/@esbuild/darwin-x64' ]
81 verbose reify failed optional dependency /var/www/node_modules/@esbuild/darwin-arm64
82 silly reify mark deleted [ '/var/www/node_modules/@esbuild/darwin-arm64' ]
83 verbose reify failed optional dependency /var/www/node_modules/@esbuild/android-x64
84 silly reify mark deleted [ '/var/www/node_modules/@esbuild/android-x64' ]
85 verbose reify failed optional dependency /var/www/node_modules/@esbuild/android-arm64
86 silly reify mark deleted [ '/var/www/node_modules/@esbuild/android-arm64' ]
87 verbose reify failed optional dependency /var/www/node_modules/@esbuild/android-arm
88 silly reify mark deleted [ '/var/www/node_modules/@esbuild/android-arm' ]
89 verbose reify failed optional dependency /var/www/node_modules/@esbuild/aix-ppc64
90 silly reify mark deleted [ '/var/www/node_modules/@esbuild/aix-ppc64' ]
91 silly tarball no local data for @rollup/rollup-linux-x64-musl@https://registry.npmjs.org/@rollup/rollup-linux-x64-musl/-/rollup-linux-x64-musl-4.28.1.tgz. Extracting by manifest.
92 silly tarball no local data for @rollup/rollup-linux-x64-gnu@https://registry.npmjs.org/@rollup/rollup-linux-x64-gnu/-/rollup-linux-x64-gnu-4.28.1.tgz. Extracting by manifest.
93 silly tarball no local data for @esbuild/linux-x64@https://registry.npmjs.org/@esbuild/linux-x64/-/linux-x64-0.21.5.tgz. Extracting by manifest.
94 http fetch POST 200 https://registry.npmjs.org/-/npm/v1/security/advisories/bulk 660ms
95 silly audit report {
95 silly audit report   axios: [
95 silly audit report     {
95 silly audit report       id: 1102472,
95 silly audit report       url: 'https://github.com/advisories/GHSA-jr5f-v2jv-69x6',
95 silly audit report       title: 'axios Requests Vulnerable To Possible SSRF and Credential Leakage via Absolute URL',
95 silly audit report       severity: 'high',
95 silly audit report       vulnerable_versions: '<1.8.2',
95 silly audit report       cwe: [Array],
95 silly audit report       cvss: [Object]
95 silly audit report     }
95 silly audit report   ],
95 silly audit report   esbuild: [
95 silly audit report     {
95 silly audit report       id: 1102341,
95 silly audit report       url: 'https://github.com/advisories/GHSA-67mh-4wv8-2f99',
95 silly audit report       title: 'esbuild enables any website to send any requests to the development server and read the response',
95 silly audit report       severity: 'moderate',
95 silly audit report       vulnerable_versions: '<=0.24.2',
95 silly audit report       cwe: [Array],
95 silly audit report       cvss: [Object]
95 silly audit report     }
95 silly audit report   ],
95 silly audit report   vite: [
95 silly audit report     {
95 silly audit report       id: 1102437,
95 silly audit report       url: 'https://github.com/advisories/GHSA-vg6x-rcgg-rjx6',
95 silly audit report       title: 'Websites were able to send any requests to the development server and read the response in vite',
95 silly audit report       severity: 'moderate',
95 silly audit report       vulnerable_versions: '>=5.0.0 <=5.4.11',
95 silly audit report       cwe: [Array],
95 silly audit report       cvss: [Object]
95 silly audit report     },
95 silly audit report     {
95 silly audit report       id: 1103517,
95 silly audit report       url: 'https://github.com/advisories/GHSA-x574-m823-4x7w',
95 silly audit report       title: 'Vite bypasses server.fs.deny when using ?raw??',
95 silly audit report       severity: 'moderate',
95 silly audit report       vulnerable_versions: '>=5.0.0 <5.4.15',
95 silly audit report       cwe: [Array],
95 silly audit report       cvss: [Object]
95 silly audit report     }
95 silly audit report   ]
95 silly audit report }
96 silly packumentCache corgi:https://registry.npmjs.org/axios cache-miss
97 silly packumentCache corgi:https://registry.npmjs.org/esbuild cache-miss
98 silly packumentCache corgi:https://registry.npmjs.org/vite cache-miss
99 http fetch GET 200 https://registry.npmjs.org/axios 296ms (cache miss)
100 silly packumentCache corgi:https://registry.npmjs.org/axios set size:undefined disposed:false
101 http fetch GET 200 https://registry.npmjs.org/esbuild 1697ms (cache miss)
102 silly packumentCache corgi:https://registry.npmjs.org/esbuild set size:undefined disposed:false
103 http fetch GET 200 https://registry.npmjs.org/vite 1942ms (cache miss)
104 silly packumentCache corgi:https://registry.npmjs.org/vite set size:undefined disposed:false
105 silly packumentCache corgi:https://registry.npmjs.org/laravel-vite-plugin cache-miss
106 http fetch GET 200 https://registry.npmjs.org/@rollup/rollup-linux-x64-musl/-/rollup-linux-x64-musl-4.28.1.tgz 2732ms (cache miss)
107 http fetch GET 200 https://registry.npmjs.org/@esbuild/linux-x64/-/linux-x64-0.21.5.tgz 2811ms (cache miss)
108 http fetch GET 200 https://registry.npmjs.org/laravel-vite-plugin 110ms (cache miss)
109 silly packumentCache corgi:https://registry.npmjs.org/laravel-vite-plugin set size:undefined disposed:false
110 http fetch GET 200 https://registry.npmjs.org/@rollup/rollup-linux-x64-gnu/-/rollup-linux-x64-gnu-4.28.1.tgz 2881ms (cache miss)
111 silly ADD
112 silly ADD
113 silly ADD
114 silly ADD node_modules/@rollup/rollup-linux-x64-musl
115 silly ADD node_modules/@rollup/rollup-linux-x64-gnu
116 silly ADD
117 silly ADD
118 silly ADD
119 silly ADD
120 silly ADD
121 silly ADD
122 silly ADD
123 silly ADD
124 silly ADD
125 silly ADD
126 silly ADD
127 silly ADD
128 silly ADD
129 silly ADD
130 silly ADD
131 silly ADD
132 silly ADD
133 silly ADD
134 silly ADD
135 silly ADD node_modules/@esbuild/linux-x64
136 silly ADD
137 silly ADD
138 silly ADD
139 silly ADD
140 silly ADD
141 silly ADD
142 silly ADD
143 silly ADD
144 silly ADD
145 silly ADD
146 silly ADD
147 silly ADD
148 silly ADD
149 silly ADD
150 silly ADD
151 silly ADD
152 verbose cwd /var/www
153 verbose os Linux 5.15.167.4-microsoft-standard-WSL2
154 verbose node v18.20.6
155 verbose npm  v10.8.2
156 verbose exit 0
157 info ok
